// Jest Snapshot v1, https://goo.gl/fbAQLP

exports[`Header should render correctly 1`] = `
<header
  class="header"
>
  <span
    class="content"
  >
    MMXIX
  </span>
</header>
`;
