// Jest Snapshot v1, https://goo.gl/fbAQLP

exports[`Main should render correctly 1`] = `
<main
  className="main"
>
  Helsinki is great!
</main>
`;
